# serializer version: 1
# name: test_snap_outer
  'enadvaenadva'
# ---
